300 total leads, 300 to reformat.
[1/300] Philadelphia Eagles
[2/300] IxDF - The Interaction Design Foundation
[3/300] First Round Capital
[4/300] NoGood
[5/300] Fox School of Business at Temple University
[6/300] Whizz
[7/300] Thrive Internet Marketing Agency
[8/300] Cesium
[9/300] Nuuly
[10/300] Philadelphia Business Journal
[11/300] Women in Retail Leadership Circle
[12/300] Prodigy Investigations (A Fraud Fighters Company)
[13/300] Neurodiversity in the Workplace
[14/300] KDR Talent Solutions USA
[15/300] Concorde, Inc
[16/300] RMA
[17/300] Signium
[18/300] Marketri
[19/300] Allnessjobs
[20/300] Sterlington
[21/300] Philadelphia Flyers
[22/300] Brolly Labs LLC
[23/300] Ghost Robotics
[24/300] Tigerhall
[25/300] Saarthee
[26/300] Eisenhower Fellowships
[27/300] UN/COMMON
[28/300] MGE COMPANIES (MG Engineering, MGE Unified Technologies, MGE Lighting Design Collaborative)
[29/300] Crossbeam
[30/300] Cowbell
[31/300] African-American Chamber of Commerce of PA, NJ & DE
[32/300] Transamerica Financial Advisors, Inc.
[33/300] Nonprofit Finance Fund
[34/300] Women Leading Travel
[35/300] Allen & Gerritsen
[36/300] Vistar Media
[37/300] Black Woman CEO with Quanisha Green, MSS
[38/300] LLR Partners
[39/300] Century Therapeutics, Inc
[40/300] Halfday Iced Tea
[41/300] Doral Renewables LLC
[42/300] gorjana
[43/300] IDEA EVOLVER
[44/300] UX Jobs by Her UX Path
[45/300] Challenger
[46/300] Smith & Diction
[47/300] Foyr
[48/300] Prevail InfoWorks
[49/300] SimpleTire
[50/300] Nextmv
[51/300] Visit Philadelphia
[52/300] Proscia
[53/300] Asset-Map
[54/300] LAGOS
[55/300] FuzeMee
[56/300] Society for Industrial and Applied Mathematics (SIAM)
[57/300] Nelson Frank
[58/300] Chop Dawg
[59/300] Cabaletta Bio
[60/300] Resume Rebuilders - US-Based Certified Professional Resume Writers
[61/300] Launch Potato
[62/300] Dynamic Energy
[63/300] dakota
[64/300] G2 Startup Advisors
[65/300] Cerity Partners Ventures
[66/300] Think Company
[67/300] TITAN 100
[68/300] Finch Brands
[69/300] DBI Consultants
[70/300] Opportunity Finance Network
[71/300] Dalfen Industrial
[72/300] BeatStars
[73/300] InstaMed, a J.P. Morgan company
[74/300] Lugg
[75/300] Tech Elevator
[76/300] Penn Engineering
[77/300] More Recruits
[78/300] Philadelphia magazine
[79/300] Data Intelligence, LLC
[80/300] Philadelphia Convention & Visitors Bureau
[81/300] SYSTRA USA
[82/300] Freebird
[83/300] ARC by ChargeItSpot
[84/300] Brownstein Group
[85/300] Carisma Therapeutics
[86/300] Freelancing (Hire me!)
[87/300] The Lauder Institute - University of Pennsylvania
[88/300] Burro
[89/300] Field Operations
[90/300] Back on My Feet
[91/300] Julius Silvert, Inc
[92/300] Freeman's Auctions
[93/300] Kiernan Trebach LLP
[94/300] DiD Agency
[95/300] Alterra Property Group
[96/300] Palm Venture Studios
[97/300] CID Entertainment
[98/300] Bowery Valuation
[99/300] Honor Foods
[100/300] The American Journal of Healthcare Strategy
[101/300] Jackson Lucas
[102/300] BetterVet (Acquired by The Vets)
[103/300] Strella
[104/300] Garfield Refining
[105/300] Sports Reference, LLC
[106/300] WE-Matter
[107/300] Verilogue
[108/300] PhilaPort (The Port of Philadelphia)
[109/300] Printfresh
[110/300] ClearCourse Consulting
[111/300] Roundtrip
[112/300] Diversified Group
[113/300] Salix Fruits LLC
[114/300] Venture Lab
[115/300] Cable & Connections
[116/300] iCorps Technologies
[117/300] PlayVS College League
[118/300] The Common Market
[119/300] WRT
[120/300] QuotaPath
[121/300] Over The Top SEO
[122/300] Women in Title (WiT)
[123/300] Tech Impact
[124/300] Comcast Ventures
[125/300] CivTeam
[126/300] GreenLight Fund
[127/300] Clark Capital Management Group
[128/300] Summer Search
[129/300] Empire MG Inc.
[130/300] Interius BioTherapeutics
[131/300] Spenza
[132/300] Sagefrog Marketing Group, LLC
[133/300] Food Export-Midwest & Food Export-Northeast
[134/300] Brian Communications
[135/300] Sureguard Financial
[136/300] Independent Lodging Congress
[137/300] Binswanger
[138/300] Method Workers' Comp
[139/300] Triumph Technology Solutions LLC
[140/300] Brightside
[141/300] Passage Bio
[142/300] Executive Women's Forum (EWF) | DSG Global
[143/300] Premier Dental US
[144/300] Yendo
[145/300] Raines International
[146/300] Central High School
[147/300] Exyn Technologies
[148/300] PIDC
[149/300] MEDIcept Inc.
[150/300] Inolex
[151/300] BVA - Acquired by The Stable
[152/300] NAPCO Media
[153/300] NewLane Finance
[154/300] Every Cure
[155/300] Women in Tech Leadership
[156/300] Xook
[157/300] PRINTING United Expo
[158/300] Dreamit Ventures
[159/300] Athena Global Advisors
[160/300] AGIL f(x)
[161/300] SIMPLi
[162/300] Supply Chain Insights
[163/300] PAR Retail
[164/300] DBI Projects
[165/300] HRO Today
[166/300] Mitchell & Ness Nostalgia Co.
[167/300] Terrain
[168/300] Faropoint
[169/300] FORT Robotics
[170/300] ShopCore Properties (Now Perform Properties)
[171/300] Westinghouse Lighting
[172/300] Axion Recruitment
[173/300] Marshalls Distribution Ctr
[174/300] SEO Brand
[175/300] Calcium+Company
[176/300] 215 Marketing
[177/300] Fatpos Global
[178/300] Tierney
[179/300] SENA LLC
[180/300] Netrality Data Centers
[181/300] XponentL Data
[182/300] Fox Run Brands
[183/300] Intention.ly
[184/300] Sedna Consulting Group
[185/300] TMX INTERMODAL
[186/300] National Equity Fund, Inc.
[187/300] Officeworks Inc.
[188/300] MOD
[189/300] Springboard Collaborative
[190/300] School of the Future
[191/300] Reinvestment Fund
[192/300] Sprih
[193/300] Bi3 Careers
[194/300] Rove
[195/300] Quil
[196/300] Inspire
[197/300] Aegis Project Controls
[198/300] Ideate Labs - UX Courses for Women
[199/300] OLIN
[200/300] Buying Simplified
[201/300] The Admin Awards
[202/300] Co-Living Homes
[203/300] Powers Brown Architecture
[204/300] New Leaders Council
[205/300] Philabundance
[206/300] Beaufort CRO
[207/300] LevLane
[208/300] Halliwell
[209/300] William Penn Foundation
[210/300] Wharton Global Youth Program
[211/300] LunaJoy Health
[212/300] Anervea
[213/300] Girls First Fund
[214/300] Run A Better Set (RABS)
[215/300] Think Traffic
[216/300] SafeGraph
[217/300] JPA Health
[218/300] Authentise
[219/300] National Lacrosse League (NLL)
[220/300] Sagapixel
[221/300] DMi Partners
[222/300] CCI Consulting - A Keystone Partners Company
[223/300] Calder Capital
[224/300] NeuroFlow
[225/300] Alkemy X
[226/300] Red Tettemer O'Connell + Partners
[227/300] Center City District
[228/300] Pennsylvania Horticultural Society (PHS)
[229/300] Horvath & Tremblay
[230/300] Tendo
[231/300] Decision Research Corporation
[232/300] tallywell
[233/300] Breakthrough Properties
[234/300] FIFA World Cup 26 Philadelphia
[235/300] Post Brothers
[236/300] Bohlin Cywinski Jackson
[237/300] Brandywine Global Investment Management
[238/300] The SEO Works (USA)
[239/300] Next PR
[240/300] Alma Ventures LLC
[241/300] Cabrera Capital Markets
[242/300] Lemkin Institute for Genocide Prevention
[243/300] ROCKSTEADY PROMOTIONS
[244/300] Bluecadet
[245/300] Watchdog
[246/300] The Higgins Group, Inc.
[247/300] Cradles to Crayons
[248/300] McKissack
[249/300] Museum of the American Revolution
[250/300] Hopeworks
[251/300] Brand.co
[252/300] ArcherPoint by Cherry Bekaert
[253/300] Penn Center for Innovation
[254/300] The Art of Network Engineering
[255/300] Curalate
[256/300] The Lighting Practice
[257/300] Cohen Milstein Sellers & Toll LLP
[258/300] Woden
[259/300] Integrative DBT & Psychotherapy LLC
[260/300] Navy Yard Philadelphia
[261/300] Drug Channels Institute, an HMP Global Company
[262/300] Ecosave
[263/300] Compass Pro Bono
[264/300] A.J. Drexel Nanomaterials Institute
[265/300] Philadelphia Foundation
[266/300] Vitable Health
[267/300] Curotec
[268/300] Reimagining the Civic Commons
[269/300] SeatonHill Partners
[270/300] SideChannel
[271/300] Pepperjam
[272/300] LRK
[273/300] Aro Biotherapeutics
[274/300] Conservation Center for Art & Historic Artifacts (CCAHA)
[275/300] the Collaborative
[276/300] GMR Transcription Services, Inc | Human Transcription Services
[277/300] Finance at Wharton
[278/300] Cozymeal, Inc.
[279/300] myCIO Wealth Partners
[280/300] Integral Molecular
[281/300] Wodify
[282/300] ACE Mentor Program of America
[283/300] Hahnemann University Hospital
[284/300] Grafik
[285/300] Jamloop
[286/300] FIGG
[287/300] Lenfest Institute for Journalism
[288/300] MediaTroopers
[289/300] Center for Advanced Emotional Intelligence
[290/300] School of Social Policy & Practice at the University of Pennsylvania
[291/300] Greater Philadelphia Cultural Alliance
[292/300] Philadelphia Bar Association
[293/300] Vivodyne
[294/300] Verismo Therapeutics
[295/300] Graham Company
[296/300] Mile6
[297/300] Tuesday Wizard- Certified Monday Partner & Zapier Gold Partner
[298/300] Penn Institute for Urban Research
[299/300] Sargenti Architects
[300/300] Graditude
Done.
